Archive member included because of file (symbol)

/usr/local/CrossPack-AVR-20131216/lib/gcc/avr/4.8.1/avr6/libgcc.a(_udivmodsi4.o)
                              ./hal/drivers/atmega256rfr2/halSleep.o (__udivmodsi4)
/usr/local/CrossPack-AVR-20131216/lib/gcc/avr/4.8.1/avr6/libgcc.a(_exit.o)
                              /usr/local/CrossPack-AVR-20131216/lib/gcc/avr/4.8.1/../../../../avr/lib/avr6/crtm256rfr2.o (exit)
/usr/local/CrossPack-AVR-20131216/lib/gcc/avr/4.8.1/avr6/libgcc.a(_copy_data.o)
                              ./nwk/src/nwk.o (__do_copy_data)
/usr/local/CrossPack-AVR-20131216/lib/gcc/avr/4.8.1/avr6/libgcc.a(_clear_bss.o)
                              ./sys/src/sysTimer.o (__do_clear_bss)
/usr/local/CrossPack-AVR-20131216/lib/gcc/avr/4.8.1/../../../../avr/lib/avr6/libc.a(rand.o)
                              ./nwk/src/nwkTx.o (rand)
/usr/local/CrossPack-AVR-20131216/lib/gcc/avr/4.8.1/../../../../avr/lib/avr6/libc.a(memcpy.o)
                              ./nwk/src/nwkDataReq.o (memcpy)
/usr/local/CrossPack-AVR-20131216/lib/gcc/avr/4.8.1/../../../../avr/lib/avr6/libc.a(memset.o)
                              ./nwk/src/nwkFrame.o (memset)
/usr/local/CrossPack-AVR-20131216/lib/gcc/avr/4.8.1/avr6/libgcc.a(_divmodsi4.o)
                              /usr/local/CrossPack-AVR-20131216/lib/gcc/avr/4.8.1/../../../../avr/lib/avr6/libc.a(rand.o) (__divmodsi4)
/usr/local/CrossPack-AVR-20131216/lib/gcc/avr/4.8.1/avr6/libgcc.a(_negsi2.o)
                              /usr/local/CrossPack-AVR-20131216/lib/gcc/avr/4.8.1/avr6/libgcc.a(_divmodsi4.o) (__negsi2)
/usr/local/CrossPack-AVR-20131216/lib/gcc/avr/4.8.1/avr6/libgcc.a(_muluhisi3.o)
                              /usr/local/CrossPack-AVR-20131216/lib/gcc/avr/4.8.1/../../../../avr/lib/avr6/libc.a(rand.o) (__muluhisi3)
/usr/local/CrossPack-AVR-20131216/lib/gcc/avr/4.8.1/avr6/libgcc.a(_mulshisi3.o)
                              /usr/local/CrossPack-AVR-20131216/lib/gcc/avr/4.8.1/../../../../avr/lib/avr6/libc.a(rand.o) (__mulohisi3)
/usr/local/CrossPack-AVR-20131216/lib/gcc/avr/4.8.1/avr6/libgcc.a(_umulhisi3.o)
                              /usr/local/CrossPack-AVR-20131216/lib/gcc/avr/4.8.1/avr6/libgcc.a(_muluhisi3.o) (__umulhisi3)

Allocating common symbols
Common symbol       size              file

nwkIb               0x28              ./nwk/src/nwk.o
halTimerIrqCount    0x1               ./hal/atmega256rfr2/src/halTimer.o

Memory Configuration

Name             Origin             Length             Attributes
text             0x00000000         0x00100000         xr
data             0x00800200         0x0000fe00         rw !x
eeprom           0x00810000         0x00010000         rw !x
fuse             0x00820000         0x00000400         rw !x
lock             0x00830000         0x00000400         rw !x
signature        0x00840000         0x00000400         rw !x
user_signatures  0x00850000         0x00000400         rw !x
*default*        0x00000000         0xffffffff

Linker script and memory map

Address of section .data set to 0x800200
LOAD /usr/local/CrossPack-AVR-20131216/lib/gcc/avr/4.8.1/../../../../avr/lib/avr6/crtm256rfr2.o
LOAD ./sys/src/sys.o
LOAD ./sys/src/sysEncrypt.o
LOAD ./sys/src/sysTimer.o
LOAD ./phy/atmegarfr2/src/phy.o
LOAD ./nwk/src/nwk.o
LOAD ./nwk/src/nwkDataReq.o
LOAD ./nwk/src/nwkFrame.o
LOAD ./nwk/src/nwkGroup.o
LOAD ./nwk/src/nwkRoute.o
LOAD ./nwk/src/nwkRouteDiscovery.o
LOAD ./nwk/src/nwkRx.o
LOAD ./nwk/src/nwkSecurity.o
LOAD ./nwk/src/nwkTx.o
LOAD ./hal/drivers/atmega256rfr2/halSleep.o
LOAD ./hal/drivers/atmega256rfr2/halUart.o
LOAD ./hal/atmega256rfr2/src/hal.o
LOAD ./hal/atmega256rfr2/src/halTimer.o
LOAD ./main.o
START GROUP
LOAD /usr/local/CrossPack-AVR-20131216/lib/gcc/avr/4.8.1/avr6/libgcc.a
LOAD /usr/local/CrossPack-AVR-20131216/lib/gcc/avr/4.8.1/../../../../avr/lib/avr6/libm.a
LOAD /usr/local/CrossPack-AVR-20131216/lib/gcc/avr/4.8.1/../../../../avr/lib/avr6/libc.a
END GROUP

.hash
 *(.hash)

.dynsym
 *(.dynsym)

.dynstr
 *(.dynstr)

.gnu.version
 *(.gnu.version)

.gnu.version_d
 *(.gnu.version_d)

.gnu.version_r
 *(.gnu.version_r)

.rel.init
 *(.rel.init)

.rela.init
 *(.rela.init)

.rel.text
 *(.rel.text)
 *(.rel.text.*)
 *(.rel.gnu.linkonce.t*)

.rela.text
 *(.rela.text)
 *(.rela.text.*)
 *(.rela.gnu.linkonce.t*)

.rel.fini
 *(.rel.fini)

.rela.fini
 *(.rela.fini)

.rel.rodata
 *(.rel.rodata)
 *(.rel.rodata.*)
 *(.rel.gnu.linkonce.r*)

.rela.rodata
 *(.rela.rodata)
 *(.rela.rodata.*)
 *(.rela.gnu.linkonce.r*)

.rel.data
 *(.rel.data)
 *(.rel.data.*)
 *(.rel.gnu.linkonce.d*)

.rela.data
 *(.rela.data)
 *(.rela.data.*)
 *(.rela.gnu.linkonce.d*)

.rel.ctors
 *(.rel.ctors)

.rela.ctors
 *(.rela.ctors)

.rel.dtors
 *(.rel.dtors)

.rela.dtors
 *(.rela.dtors)

.rel.got
 *(.rel.got)

.rela.got
 *(.rela.got)

.rel.bss
 *(.rel.bss)

.rela.bss
 *(.rela.bss)

.rel.plt
 *(.rel.plt)

.rela.plt
 *(.rela.plt)

.text           0x00000000     0x3848
 *(.vectors)
 .vectors       0x00000000      0x134 /usr/local/CrossPack-AVR-20131216/lib/gcc/avr/4.8.1/../../../../avr/lib/avr6/crtm256rfr2.o
                0x00000000                __vectors
                0x00000000                __vector_default
 *(.vectors)
 *(.progmem.gcc*)
                0x00000134                . = ALIGN (0x2)
                0x00000134                __trampolines_start = .
 *(.trampolines)
 .trampolines   0x00000134       0x18 linker stubs
 *(.trampolines*)
                0x0000014c                __trampolines_end = .
 *(.progmem*)
                0x0000014c                . = ALIGN (0x2)
 *(.jumptables)
 *(.jumptables*)
 *(.lowtext)
 *(.lowtext*)
                0x0000014c                __ctors_start = .
 *(.ctors)
                0x0000014c                __ctors_end = .
                0x0000014c                __dtors_start = .
 *(.dtors)
                0x0000014c                __dtors_end = .
 SORT(*)(.ctors)
 SORT(*)(.dtors)
 *(.init0)
 .init0         0x0000014c        0x0 /usr/local/CrossPack-AVR-20131216/lib/gcc/avr/4.8.1/../../../../avr/lib/avr6/crtm256rfr2.o
                0x0000014c                __init
 *(.init0)
 *(.init1)
 *(.init1)
 *(.init2)
 .init2         0x0000014c       0x10 /usr/local/CrossPack-AVR-20131216/lib/gcc/avr/4.8.1/../../../../avr/lib/avr6/crtm256rfr2.o
 *(.init2)
 *(.init3)
 *(.init3)
 *(.init4)
 .init4         0x0000015c       0x1a /usr/local/CrossPack-AVR-20131216/lib/gcc/avr/4.8.1/avr6/libgcc.a(_copy_data.o)
                0x0000015c                __do_copy_data
 .init4         0x00000176       0x10 /usr/local/CrossPack-AVR-20131216/lib/gcc/avr/4.8.1/avr6/libgcc.a(_clear_bss.o)
                0x00000176                __do_clear_bss
 *(.init4)
 *(.init5)
 *(.init5)
 *(.init6)
 *(.init6)
 *(.init7)
 *(.init7)
 *(.init8)
 *(.init8)
 *(.init9)
 .init9         0x00000186        0x8 /usr/local/CrossPack-AVR-20131216/lib/gcc/avr/4.8.1/../../../../avr/lib/avr6/crtm256rfr2.o
 *(.init9)
 *(.text)
 .text          0x0000018e        0x4 /usr/local/CrossPack-AVR-20131216/lib/gcc/avr/4.8.1/../../../../avr/lib/avr6/crtm256rfr2.o
                0x0000018e                __vector_65
                0x0000018e                __vector_22
                0x0000018e                __vector_63
                0x0000018e                __vector_28
                0x0000018e                __vector_67
                0x0000018e                __vector_1
                0x0000018e                __vector_32
                0x0000018e                __vector_75
                0x0000018e                __vector_71
                0x0000018e                __vector_34
                0x0000018e                __vector_62
                0x0000018e                __vector_24
                0x0000018e                __vector_12
                0x0000018e                __vector_55
                0x0000018e                __vector_69
                0x0000018e                __vector_46
                0x0000018e                __bad_interrupt
                0x0000018e                __vector_72
                0x0000018e                __vector_6
                0x0000018e                __vector_31
                0x0000018e                __vector_35
                0x0000018e                __vector_74
                0x0000018e                __vector_39
                0x0000018e                __vector_3
                0x0000018e                __vector_23
                0x0000018e                __vector_68
                0x0000018e                __vector_30
                0x0000018e                __vector_73
                0x0000018e                __vector_45
                0x0000018e                __vector_25
                0x0000018e                __vector_61
                0x0000018e                __vector_11
                0x0000018e                __vector_54
                0x0000018e                __vector_17
                0x0000018e                __vector_19
                0x0000018e                __vector_56
                0x0000018e                __vector_7
                0x0000018e                __vector_49
                0x0000018e                __vector_41
                0x0000018e                __vector_64
                0x0000018e                __vector_43
                0x0000018e                __vector_27
                0x0000018e                __vector_5
                0x0000018e                __vector_33
                0x0000018e                __vector_76
                0x0000018e                __vector_47
                0x0000018e                __vector_52
                0x0000018e                __vector_4
                0x0000018e                __vector_44
                0x0000018e                __vector_51
                0x0000018e                __vector_9
                0x0000018e                __vector_2
                0x0000018e                __vector_21
                0x0000018e                __vector_15
                0x0000018e                __vector_66
                0x0000018e                __vector_58
                0x0000018e                __vector_70
                0x0000018e                __vector_29
                0x0000018e                __vector_60
                0x0000018e                __vector_40
                0x0000018e                __vector_8
                0x0000018e                __vector_26
                0x0000018e                __vector_48
                0x0000018e                __vector_14
                0x0000018e                __vector_57
                0x0000018e                __vector_53
                0x0000018e                __vector_10
                0x0000018e                __vector_50
                0x0000018e                __vector_16
                0x0000018e                __vector_59
                0x0000018e                __vector_18
                0x0000018e                __vector_20
                0x0000018e                __vector_38
 .text          0x00000192        0x0 ./sys/src/sys.o
 .text          0x00000192        0x0 ./sys/src/sysEncrypt.o
 .text          0x00000192        0x0 ./sys/src/sysTimer.o
 .text          0x00000192        0x0 ./phy/atmegarfr2/src/phy.o
 .text          0x00000192        0x0 ./nwk/src/nwk.o
 .text          0x00000192        0x0 ./nwk/src/nwkDataReq.o
 .text          0x00000192        0x0 ./nwk/src/nwkFrame.o
 .text          0x00000192        0x0 ./nwk/src/nwkGroup.o
 .text          0x00000192        0x0 ./nwk/src/nwkRoute.o
 .text          0x00000192        0x0 ./nwk/src/nwkRouteDiscovery.o
 .text          0x00000192        0x0 ./nwk/src/nwkRx.o
 .text          0x00000192        0x0 ./nwk/src/nwkSecurity.o
 .text          0x00000192        0x0 ./nwk/src/nwkTx.o
 .text          0x00000192        0x0 ./hal/drivers/atmega256rfr2/halSleep.o
 .text          0x00000192        0x0 ./hal/drivers/atmega256rfr2/halUart.o
 .text          0x00000192        0x0 ./hal/atmega256rfr2/src/hal.o
 .text          0x00000192        0x0 ./hal/atmega256rfr2/src/halTimer.o
 .text          0x00000192        0x0 ./main.o
 .text          0x00000192        0x0 /usr/local/CrossPack-AVR-20131216/lib/gcc/avr/4.8.1/avr6/libgcc.a(_udivmodsi4.o)
 .text          0x00000192        0x0 /usr/local/CrossPack-AVR-20131216/lib/gcc/avr/4.8.1/avr6/libgcc.a(_exit.o)
 .text          0x00000192        0x0 /usr/local/CrossPack-AVR-20131216/lib/gcc/avr/4.8.1/avr6/libgcc.a(_copy_data.o)
 .text          0x00000192        0x0 /usr/local/CrossPack-AVR-20131216/lib/gcc/avr/4.8.1/avr6/libgcc.a(_clear_bss.o)
 .text          0x00000192        0x0 /usr/local/CrossPack-AVR-20131216/lib/gcc/avr/4.8.1/../../../../avr/lib/avr6/libc.a(rand.o)
 .text          0x00000192        0x0 /usr/local/CrossPack-AVR-20131216/lib/gcc/avr/4.8.1/../../../../avr/lib/avr6/libc.a(memcpy.o)
 .text          0x00000192        0x0 /usr/local/CrossPack-AVR-20131216/lib/gcc/avr/4.8.1/../../../../avr/lib/avr6/libc.a(memset.o)
 .text          0x00000192        0x0 /usr/local/CrossPack-AVR-20131216/lib/gcc/avr/4.8.1/avr6/libgcc.a(_divmodsi4.o)
 .text          0x00000192        0x0 /usr/local/CrossPack-AVR-20131216/lib/gcc/avr/4.8.1/avr6/libgcc.a(_negsi2.o)
 .text          0x00000192        0x0 /usr/local/CrossPack-AVR-20131216/lib/gcc/avr/4.8.1/avr6/libgcc.a(_muluhisi3.o)
 .text          0x00000192        0x0 /usr/local/CrossPack-AVR-20131216/lib/gcc/avr/4.8.1/avr6/libgcc.a(_mulshisi3.o)
 .text          0x00000192        0x0 /usr/local/CrossPack-AVR-20131216/lib/gcc/avr/4.8.1/avr6/libgcc.a(_umulhisi3.o)
                0x00000192                . = ALIGN (0x2)
 *(.text.*)
 .text.SYS_Init
                0x00000192       0x1e ./sys/src/sys.o
                0x00000192                SYS_Init
 .text.SYS_TaskHandler
                0x000001b0       0x1a ./sys/src/sys.o
                0x000001b0                SYS_TaskHandler
 .text.SYS_TimerInit
                0x000001ca       0x16 ./sys/src/sysTimer.o
                0x000001ca                SYS_TimerInit
 .text.SYS_TimerStart
                0x000001e0       0x34 ./sys/src/sysTimer.o
                0x000001e0                SYS_TimerStart
 .text.SYS_TimerStop
                0x00000214       0xe4 ./sys/src/sysTimer.o
                0x00000214                SYS_TimerStop
 .text.SYS_TimerStarted
                0x000002f8       0x56 ./sys/src/sysTimer.o
                0x000002f8                SYS_TimerStarted
 .text.SYS_TimerTaskHandler
                0x0000034e      0x18c ./sys/src/sysTimer.o
                0x0000034e                SYS_TimerTaskHandler
 .text.placeTimer
                0x000004da      0x1a8 ./sys/src/sysTimer.o
 .text.PHY_Init
                0x00000682       0x48 ./phy/atmegarfr2/src/phy.o
                0x00000682                PHY_Init
 .text.PHY_SetRxState
                0x000006ca       0x1e ./phy/atmegarfr2/src/phy.o
                0x000006ca                PHY_SetRxState
 .text.PHY_SetChannel
                0x000006e8       0x1e ./phy/atmegarfr2/src/phy.o
                0x000006e8                PHY_SetChannel
 .text.PHY_SetBand
                0x00000706       0x1e ./phy/atmegarfr2/src/phy.o
                0x00000706                PHY_SetBand
 .text.PHY_SetPanId
                0x00000724       0x46 ./phy/atmegarfr2/src/phy.o
                0x00000724                PHY_SetPanId
 .text.PHY_SetShortAddr
                0x0000076a       0x64 ./phy/atmegarfr2/src/phy.o
                0x0000076a                PHY_SetShortAddr
 .text.PHY_SetTxPower
                0x000007ce       0x2a ./phy/atmegarfr2/src/phy.o
                0x000007ce                PHY_SetTxPower
 .text.PHY_Sleep
                0x000007f8       0x28 ./phy/atmegarfr2/src/phy.o
                0x000007f8                PHY_Sleep
 .text.PHY_Wakeup
                0x00000820       0x26 ./phy/atmegarfr2/src/phy.o
                0x00000820                PHY_Wakeup
 .text.PHY_DataReq
                0x00000846       0x7e ./phy/atmegarfr2/src/phy.o
                0x00000846                PHY_DataReq
 .text.phySetChannel
                0x000008c4       0x54 ./phy/atmegarfr2/src/phy.o
 .text.phySetRxState
                0x00000918       0x2c ./phy/atmegarfr2/src/phy.o
 .text.phyTrxSetState
                0x00000944       0x4c ./phy/atmegarfr2/src/phy.o
 .text.PHY_TaskHandler
                0x00000990      0x162 ./phy/atmegarfr2/src/phy.o
                0x00000990                PHY_TaskHandler
 .text.NWK_Init
                0x00000af2       0x64 ./nwk/src/nwk.o
                0x00000af2                NWK_Init
 .text.NWK_SetAddr
                0x00000b56       0x2e ./nwk/src/nwk.o
                0x00000b56                NWK_SetAddr
 .text.NWK_SetPanId
                0x00000b84       0x2e ./nwk/src/nwk.o
                0x00000b84                NWK_SetPanId
 .text.NWK_OpenEndpoint
                0x00000bb2       0x36 ./nwk/src/nwk.o
                0x00000bb2                NWK_OpenEndpoint
 .text.NWK_Busy
                0x00000be8       0x20 ./nwk/src/nwk.o
                0x00000be8                NWK_Busy
 .text.NWK_Lock
                0x00000c08       0x20 ./nwk/src/nwk.o
                0x00000c08                NWK_Lock
 .text.NWK_Unlock
                0x00000c28       0x20 ./nwk/src/nwk.o
                0x00000c28                NWK_Unlock
 .text.NWK_SleepReq
                0x00000c48       0x12 ./nwk/src/nwk.o
                0x00000c48                NWK_SleepReq
 .text.NWK_WakeupReq
                0x00000c5a       0x12 ./nwk/src/nwk.o
                0x00000c5a                NWK_WakeupReq
 .text.NWK_LinearizeLqi
                0x00000c6c       0x74 ./nwk/src/nwk.o
                0x00000c6c                NWK_LinearizeLqi
 .text.NWK_TaskHandler
                0x00000ce0       0x1a ./nwk/src/nwk.o
                0x00000ce0                NWK_TaskHandler
 .text.nwkDataReqInit
                0x00000cfa       0x16 ./nwk/src/nwkDataReq.o
                0x00000cfa                nwkDataReqInit
 .text.NWK_DataReq
                0x00000d10       0x88 ./nwk/src/nwkDataReq.o
                0x00000d10                NWK_DataReq
 .text.nwkDataReqSendFrame
                0x00000d98      0x1b0 ./nwk/src/nwkDataReq.o
 .text.nwkDataReqTxConf
                0x00000f48       0x92 ./nwk/src/nwkDataReq.o
 .text.nwkDataReqConfirm
                0x00000fda       0xb6 ./nwk/src/nwkDataReq.o
 .text.nwkDataReqTaskHandler
                0x00001090       0x6e ./nwk/src/nwkDataReq.o
                0x00001090                nwkDataReqTaskHandler
 .text.nwkFrameInit
                0x000010fe       0x3c ./nwk/src/nwkFrame.o
                0x000010fe                nwkFrameInit
 .text.nwkFrameAlloc
                0x0000113a       0xe6 ./nwk/src/nwkFrame.o
                0x0000113a                nwkFrameAlloc
 .text.nwkFrameFree
                0x00001220       0x34 ./nwk/src/nwkFrame.o
                0x00001220                nwkFrameFree
 .text.nwkFrameNext
                0x00001254       0x68 ./nwk/src/nwkFrame.o
                0x00001254                nwkFrameNext
 .text.nwkFrameCommandInit
                0x000012bc       0x4e ./nwk/src/nwkFrame.o
                0x000012bc                nwkFrameCommandInit
 .text.nwkRouteInit
                0x0000130a       0x8e ./nwk/src/nwkRoute.o
                0x0000130a                nwkRouteInit
 .text.NWK_RouteFindEntry
                0x00001398       0xb4 ./nwk/src/nwkRoute.o
                0x00001398                NWK_RouteFindEntry
 .text.NWK_RouteNewEntry
                0x0000144c       0xba ./nwk/src/nwkRoute.o
                0x0000144c                NWK_RouteNewEntry
 .text.NWK_RouteFreeEntry
                0x00001506       0x40 ./nwk/src/nwkRoute.o
                0x00001506                NWK_RouteFreeEntry
 .text.NWK_RouteNextHop
                0x00001546       0x4a ./nwk/src/nwkRoute.o
                0x00001546                NWK_RouteNextHop
 .text.NWK_RouteTable
                0x00001590       0x12 ./nwk/src/nwkRoute.o
                0x00001590                NWK_RouteTable
 .text.nwkRouteUpdateEntry
                0x000015a2       0xaa ./nwk/src/nwkRoute.o
                0x000015a2                nwkRouteUpdateEntry
 .text.nwkRouteRemove
                0x0000164c       0x42 ./nwk/src/nwkRoute.o
                0x0000164c                nwkRouteRemove
 .text.nwkRouteFrameReceived
                0x0000168e      0x170 ./nwk/src/nwkRoute.o
                0x0000168e                nwkRouteFrameReceived
 .text.nwkRouteFrameSent
                0x000017fe       0xf2 ./nwk/src/nwkRoute.o
                0x000017fe                nwkRouteFrameSent
 .text.nwkRoutePrepareTx
                0x000018f0       0x9a ./nwk/src/nwkRoute.o
                0x000018f0                nwkRoutePrepareTx
 .text.nwkRouteFrame
                0x0000198a       0xa8 ./nwk/src/nwkRoute.o
                0x0000198a                nwkRouteFrame
 .text.nwkRouteSendRouteError
                0x00001a32       0xc4 ./nwk/src/nwkRoute.o
 .text.nwkRouteErrorReceived
                0x00001af6       0x56 ./nwk/src/nwkRoute.o
                0x00001af6                nwkRouteErrorReceived
 .text.nwkRouteNormalizeRanks
                0x00001b4c       0x68 ./nwk/src/nwkRoute.o
 .text.nwkFramePayloadSize
                0x00001bb4       0x42 ./nwk/src/nwkRx.o
 .text.nwkRxInit
                0x00001bf6       0x70 ./nwk/src/nwkRx.o
                0x00001bf6                nwkRxInit
 .text.PHY_DataInd
                0x00001c66       0xda ./nwk/src/nwkRx.o
                0x00001c66                PHY_DataInd
 .text.nwkRxSendAck
                0x00001d40       0xd2 ./nwk/src/nwkRx.o
 .text.NWK_SetAckControl
                0x00001e12       0x1a ./nwk/src/nwkRx.o
                0x00001e12                NWK_SetAckControl
 .text.nwkRxDuplicateRejectionTimerHandler
                0x00001e2c       0x98 ./nwk/src/nwkRx.o
 .text.nwkRxRejectDuplicate
                0x00001ec4      0x1e4 ./nwk/src/nwkRx.o
 .text.nwkRxServiceDataInd
                0x000020a8       0x5e ./nwk/src/nwkRx.o
 .text.nwkRxHandleReceivedFrame
                0x00002106      0x186 ./nwk/src/nwkRx.o
 .text.nwkRxIndicateFrame
                0x0000228c      0x1ba ./nwk/src/nwkRx.o
 .text.nwkRxHandleIndication
                0x00002446       0xb2 ./nwk/src/nwkRx.o
 .text.nwkRxTaskHandler
                0x000024f8       0x86 ./nwk/src/nwkRx.o
                0x000024f8                nwkRxTaskHandler
 .text.nwkTxInit
                0x0000257e       0x66 ./nwk/src/nwkTx.o
                0x0000257e                nwkTxInit
 .text.nwkTxFrame
                0x000025e4      0x16a ./nwk/src/nwkTx.o
                0x000025e4                nwkTxFrame
 .text.nwkTxBroadcastFrame
                0x0000274e       0xf8 ./nwk/src/nwkTx.o
                0x0000274e                nwkTxBroadcastFrame
 .text.nwkTxAckReceived
                0x00002846       0x9e ./nwk/src/nwkTx.o
                0x00002846                nwkTxAckReceived
 .text.nwkTxAckWaitTimerHandler
                0x000028e4       0x9a ./nwk/src/nwkTx.o
 .text.nwkTxConfirm
                0x0000297e       0x34 ./nwk/src/nwkTx.o
                0x0000297e                nwkTxConfirm
 .text.nwkTxDelayTimerHandler
                0x000029b2       0x9a ./nwk/src/nwkTx.o
 .text.nwkTxConvertPhyStatus
                0x00002a4c       0x38 ./nwk/src/nwkTx.o
 .text.PHY_DataConf
                0x00002a84       0x5e ./nwk/src/nwkTx.o
                0x00002a84                PHY_DataConf
 .text.nwkTxTaskHandler
                0x00002ae2      0x1aa ./nwk/src/nwkTx.o
                0x00002ae2                nwkTxTaskHandler
 .text.halSleepSynchronize
                0x00002c8c       0x24 ./hal/drivers/atmega256rfr2/halSleep.o
 .text.HAL_Sleep
                0x00002cb0      0x1bc ./hal/drivers/atmega256rfr2/halSleep.o
                0x00002cb0                HAL_Sleep
 .text.__vector_13
                0x00002e6c       0x2e ./hal/drivers/atmega256rfr2/halSleep.o
                0x00002e6c                __vector_13
 .text.HAL_UartInit
                0x00002e9a      0x126 ./hal/drivers/atmega256rfr2/halUart.o
                0x00002e9a                HAL_UartInit
 .text.HAL_UartWriteByte
                0x00002fc0       0x84 ./hal/drivers/atmega256rfr2/halUart.o
                0x00002fc0                HAL_UartWriteByte
 .text.HAL_UartReadByte
                0x00003044       0x86 ./hal/drivers/atmega256rfr2/halUart.o
                0x00003044                HAL_UartReadByte
 .text.__vector_37
                0x000030ca       0x60 ./hal/drivers/atmega256rfr2/halUart.o
                0x000030ca                __vector_37
 .text.__vector_36
                0x0000312a       0xf0 ./hal/drivers/atmega256rfr2/halUart.o
                0x0000312a                __vector_36
 .text.HAL_UartTaskHandler
                0x0000321a       0xfe ./hal/drivers/atmega256rfr2/halUart.o
                0x0000321a                HAL_UartTaskHandler
 .text.HAL_UartGetTxFifoBytes
                0x00003318       0x16 ./hal/drivers/atmega256rfr2/halUart.o
                0x00003318                HAL_UartGetTxFifoBytes
 .text.HAL_UartGetRxFifoBytes
                0x0000332e       0x16 ./hal/drivers/atmega256rfr2/halUart.o
                0x0000332e                HAL_UartGetRxFifoBytes
 .text.HAL_Init
                0x00003344       0x3e ./hal/atmega256rfr2/src/hal.o
                0x00003344                HAL_Init
 .text.HAL_Delay
                0x00003382       0x1e ./hal/atmega256rfr2/src/hal.o
                0x00003382                HAL_Delay
 .text.HAL_TimerInit
                0x000033a0       0x4e ./hal/atmega256rfr2/src/halTimer.o
                0x000033a0                HAL_TimerInit
 .text.HAL_TimerDelay
                0x000033ee       0x96 ./hal/atmega256rfr2/src/halTimer.o
                0x000033ee                HAL_TimerDelay
 .text.__vector_42
                0x00003484       0x32 ./hal/atmega256rfr2/src/halTimer.o
                0x00003484                __vector_42
 .text.HAL_UartBytesReceived
                0x000034b6       0x1a ./main.o
                0x000034b6                HAL_UartBytesReceived
 .text.APP_TaskHandler
                0x000034d0        0xe ./main.o
 .text.appDataInd
                0x000034de       0xa8 ./main.o
 .text.init_nwk
                0x00003586       0x3a ./main.o
                0x00003586                init_nwk
 .text.main     0x000035c0       0xe6 ./main.o
                0x000035c0                main
 .text.libgcc.mul
                0x000036a6        0x0 /usr/local/CrossPack-AVR-20131216/lib/gcc/avr/4.8.1/avr6/libgcc.a(_udivmodsi4.o)
 .text.libgcc.div
                0x000036a6       0x44 /usr/local/CrossPack-AVR-20131216/lib/gcc/avr/4.8.1/avr6/libgcc.a(_udivmodsi4.o)
                0x000036a6                __udivmodsi4
 .text.libgcc   0x000036ea        0x0 /usr/local/CrossPack-AVR-20131216/lib/gcc/avr/4.8.1/avr6/libgcc.a(_udivmodsi4.o)
 .text.libgcc.prologue
                0x000036ea        0x0 /usr/local/CrossPack-AVR-20131216/lib/gcc/avr/4.8.1/avr6/libgcc.a(_udivmodsi4.o)
 .text.libgcc.builtins
                0x000036ea        0x0 /usr/local/CrossPack-AVR-20131216/lib/gcc/avr/4.8.1/avr6/libgcc.a(_udivmodsi4.o)
 .text.libgcc.fmul
                0x000036ea        0x0 /usr/local/CrossPack-AVR-20131216/lib/gcc/avr/4.8.1/avr6/libgcc.a(_udivmodsi4.o)
 .text.libgcc.fixed
                0x000036ea        0x0 /usr/local/CrossPack-AVR-20131216/lib/gcc/avr/4.8.1/avr6/libgcc.a(_udivmodsi4.o)
 .text.libgcc.mul
                0x000036ea        0x0 /usr/local/CrossPack-AVR-20131216/lib/gcc/avr/4.8.1/avr6/libgcc.a(_exit.o)
 .text.libgcc.div
                0x000036ea        0x0 /usr/local/CrossPack-AVR-20131216/lib/gcc/avr/4.8.1/avr6/libgcc.a(_exit.o)
 .text.libgcc   0x000036ea        0x0 /usr/local/CrossPack-AVR-20131216/lib/gcc/avr/4.8.1/avr6/libgcc.a(_exit.o)
 .text.libgcc.prologue
                0x000036ea        0x0 /usr/local/CrossPack-AVR-20131216/lib/gcc/avr/4.8.1/avr6/libgcc.a(_exit.o)
 .text.libgcc.builtins
                0x000036ea        0x0 /usr/local/CrossPack-AVR-20131216/lib/gcc/avr/4.8.1/avr6/libgcc.a(_exit.o)
 .text.libgcc.fmul
                0x000036ea        0x0 /usr/local/CrossPack-AVR-20131216/lib/gcc/avr/4.8.1/avr6/libgcc.a(_exit.o)
 .text.libgcc.fixed
                0x000036ea        0x0 /usr/local/CrossPack-AVR-20131216/lib/gcc/avr/4.8.1/avr6/libgcc.a(_exit.o)
 .text.libgcc.mul
                0x000036ea        0x0 /usr/local/CrossPack-AVR-20131216/lib/gcc/avr/4.8.1/avr6/libgcc.a(_copy_data.o)
 .text.libgcc.div
                0x000036ea        0x0 /usr/local/CrossPack-AVR-20131216/lib/gcc/avr/4.8.1/avr6/libgcc.a(_copy_data.o)
 .text.libgcc   0x000036ea        0x0 /usr/local/CrossPack-AVR-20131216/lib/gcc/avr/4.8.1/avr6/libgcc.a(_copy_data.o)
 .text.libgcc.prologue
                0x000036ea        0x0 /usr/local/CrossPack-AVR-20131216/lib/gcc/avr/4.8.1/avr6/libgcc.a(_copy_data.o)
 .text.libgcc.builtins
                0x000036ea        0x0 /usr/local/CrossPack-AVR-20131216/lib/gcc/avr/4.8.1/avr6/libgcc.a(_copy_data.o)
 .text.libgcc.fmul
                0x000036ea        0x0 /usr/local/CrossPack-AVR-20131216/lib/gcc/avr/4.8.1/avr6/libgcc.a(_copy_data.o)
 .text.libgcc.fixed
                0x000036ea        0x0 /usr/local/CrossPack-AVR-20131216/lib/gcc/avr/4.8.1/avr6/libgcc.a(_copy_data.o)
 .text.libgcc.mul
                0x000036ea        0x0 /usr/local/CrossPack-AVR-20131216/lib/gcc/avr/4.8.1/avr6/libgcc.a(_clear_bss.o)
 .text.libgcc.div
                0x000036ea        0x0 /usr/local/CrossPack-AVR-20131216/lib/gcc/avr/4.8.1/avr6/libgcc.a(_clear_bss.o)
 .text.libgcc   0x000036ea        0x0 /usr/local/CrossPack-AVR-20131216/lib/gcc/avr/4.8.1/avr6/libgcc.a(_clear_bss.o)
 .text.libgcc.prologue
                0x000036ea        0x0 /usr/local/CrossPack-AVR-20131216/lib/gcc/avr/4.8.1/avr6/libgcc.a(_clear_bss.o)
 .text.libgcc.builtins
                0x000036ea        0x0 /usr/local/CrossPack-AVR-20131216/lib/gcc/avr/4.8.1/avr6/libgcc.a(_clear_bss.o)
 .text.libgcc.fmul
                0x000036ea        0x0 /usr/local/CrossPack-AVR-20131216/lib/gcc/avr/4.8.1/avr6/libgcc.a(_clear_bss.o)
 .text.libgcc.fixed
                0x000036ea        0x0 /usr/local/CrossPack-AVR-20131216/lib/gcc/avr/4.8.1/avr6/libgcc.a(_clear_bss.o)
 .text.avr-libc
                0x000036ea       0xb8 /usr/local/CrossPack-AVR-20131216/lib/gcc/avr/4.8.1/../../../../avr/lib/avr6/libc.a(rand.o)
                0x00003780                rand_r
                0x00003784                rand
                0x0000378c                srand
 .text.avr-libc
                0x000037a2       0x12 /usr/local/CrossPack-AVR-20131216/lib/gcc/avr/4.8.1/../../../../avr/lib/avr6/libc.a(memcpy.o)
                0x000037a2                memcpy
 .text.avr-libc
                0x000037b4        0xe /usr/local/CrossPack-AVR-20131216/lib/gcc/avr/4.8.1/../../../../avr/lib/avr6/libc.a(memset.o)
                0x000037b4                memset
 .text.libgcc.mul
                0x000037c2        0x0 /usr/local/CrossPack-AVR-20131216/lib/gcc/avr/4.8.1/avr6/libgcc.a(_divmodsi4.o)
 .text.libgcc.div
                0x000037c2       0x2e /usr/local/CrossPack-AVR-20131216/lib/gcc/avr/4.8.1/avr6/libgcc.a(_divmodsi4.o)
                0x000037c2                __divmodsi4
 .text.libgcc   0x000037f0        0x0 /usr/local/CrossPack-AVR-20131216/lib/gcc/avr/4.8.1/avr6/libgcc.a(_divmodsi4.o)
 .text.libgcc.prologue
                0x000037f0        0x0 /usr/local/CrossPack-AVR-20131216/lib/gcc/avr/4.8.1/avr6/libgcc.a(_divmodsi4.o)
 .text.libgcc.builtins
                0x000037f0        0x0 /usr/local/CrossPack-AVR-20131216/lib/gcc/avr/4.8.1/avr6/libgcc.a(_divmodsi4.o)
 .text.libgcc.fmul
                0x000037f0        0x0 /usr/local/CrossPack-AVR-20131216/lib/gcc/avr/4.8.1/avr6/libgcc.a(_divmodsi4.o)
 .text.libgcc.fixed
                0x000037f0        0x0 /usr/local/CrossPack-AVR-20131216/lib/gcc/avr/4.8.1/avr6/libgcc.a(_divmodsi4.o)
 .text.libgcc.mul
                0x000037f0        0x0 /usr/local/CrossPack-AVR-20131216/lib/gcc/avr/4.8.1/avr6/libgcc.a(_negsi2.o)
 .text.libgcc.div
                0x000037f0       0x10 /usr/local/CrossPack-AVR-20131216/lib/gcc/avr/4.8.1/avr6/libgcc.a(_negsi2.o)
                0x000037f0                __negsi2
 .text.libgcc   0x00003800        0x0 /usr/local/CrossPack-AVR-20131216/lib/gcc/avr/4.8.1/avr6/libgcc.a(_negsi2.o)
 .text.libgcc.prologue
                0x00003800        0x0 /usr/local/CrossPack-AVR-20131216/lib/gcc/avr/4.8.1/avr6/libgcc.a(_negsi2.o)
 .text.libgcc.builtins
                0x00003800        0x0 /usr/local/CrossPack-AVR-20131216/lib/gcc/avr/4.8.1/avr6/libgcc.a(_negsi2.o)
 .text.libgcc.fmul
                0x00003800        0x0 /usr/local/CrossPack-AVR-20131216/lib/gcc/avr/4.8.1/avr6/libgcc.a(_negsi2.o)
 .text.libgcc.fixed
                0x00003800        0x0 /usr/local/CrossPack-AVR-20131216/lib/gcc/avr/4.8.1/avr6/libgcc.a(_negsi2.o)
 .text.libgcc.mul
                0x00003800       0x16 /usr/local/CrossPack-AVR-20131216/lib/gcc/avr/4.8.1/avr6/libgcc.a(_muluhisi3.o)
                0x00003800                __muluhisi3
 .text.libgcc.div
                0x00003816        0x0 /usr/local/CrossPack-AVR-20131216/lib/gcc/avr/4.8.1/avr6/libgcc.a(_muluhisi3.o)
 .text.libgcc   0x00003816        0x0 /usr/local/CrossPack-AVR-20131216/lib/gcc/avr/4.8.1/avr6/libgcc.a(_muluhisi3.o)
 .text.libgcc.prologue
                0x00003816        0x0 /usr/local/CrossPack-AVR-20131216/lib/gcc/avr/4.8.1/avr6/libgcc.a(_muluhisi3.o)
 .text.libgcc.builtins
                0x00003816        0x0 /usr/local/CrossPack-AVR-20131216/lib/gcc/avr/4.8.1/avr6/libgcc.a(_muluhisi3.o)
 .text.libgcc.fmul
                0x00003816        0x0 /usr/local/CrossPack-AVR-20131216/lib/gcc/avr/4.8.1/avr6/libgcc.a(_muluhisi3.o)
 .text.libgcc.fixed
                0x00003816        0x0 /usr/local/CrossPack-AVR-20131216/lib/gcc/avr/4.8.1/avr6/libgcc.a(_muluhisi3.o)
 .text.libgcc.mul
                0x00003816       0x10 /usr/local/CrossPack-AVR-20131216/lib/gcc/avr/4.8.1/avr6/libgcc.a(_mulshisi3.o)
                0x00003816                __mulshisi3
                0x0000381c                __mulohisi3
 .text.libgcc.div
                0x00003826        0x0 /usr/local/CrossPack-AVR-20131216/lib/gcc/avr/4.8.1/avr6/libgcc.a(_mulshisi3.o)
 .text.libgcc   0x00003826        0x0 /usr/local/CrossPack-AVR-20131216/lib/gcc/avr/4.8.1/avr6/libgcc.a(_mulshisi3.o)
 .text.libgcc.prologue
                0x00003826        0x0 /usr/local/CrossPack-AVR-20131216/lib/gcc/avr/4.8.1/avr6/libgcc.a(_mulshisi3.o)
 .text.libgcc.builtins
                0x00003826        0x0 /usr/local/CrossPack-AVR-20131216/lib/gcc/avr/4.8.1/avr6/libgcc.a(_mulshisi3.o)
 .text.libgcc.fmul
                0x00003826        0x0 /usr/local/CrossPack-AVR-20131216/lib/gcc/avr/4.8.1/avr6/libgcc.a(_mulshisi3.o)
 .text.libgcc.fixed
                0x00003826        0x0 /usr/local/CrossPack-AVR-20131216/lib/gcc/avr/4.8.1/avr6/libgcc.a(_mulshisi3.o)
 .text.libgcc.mul
                0x00003826       0x1e /usr/local/CrossPack-AVR-20131216/lib/gcc/avr/4.8.1/avr6/libgcc.a(_umulhisi3.o)
                0x00003826                __umulhisi3
 .text.libgcc.div
                0x00003844        0x0 /usr/local/CrossPack-AVR-20131216/lib/gcc/avr/4.8.1/avr6/libgcc.a(_umulhisi3.o)
 .text.libgcc   0x00003844        0x0 /usr/local/CrossPack-AVR-20131216/lib/gcc/avr/4.8.1/avr6/libgcc.a(_umulhisi3.o)
 .text.libgcc.prologue
                0x00003844        0x0 /usr/local/CrossPack-AVR-20131216/lib/gcc/avr/4.8.1/avr6/libgcc.a(_umulhisi3.o)
 .text.libgcc.builtins
                0x00003844        0x0 /usr/local/CrossPack-AVR-20131216/lib/gcc/avr/4.8.1/avr6/libgcc.a(_umulhisi3.o)
 .text.libgcc.fmul
                0x00003844        0x0 /usr/local/CrossPack-AVR-20131216/lib/gcc/avr/4.8.1/avr6/libgcc.a(_umulhisi3.o)
 .text.libgcc.fixed
                0x00003844        0x0 /usr/local/CrossPack-AVR-20131216/lib/gcc/avr/4.8.1/avr6/libgcc.a(_umulhisi3.o)
                0x00003844                . = ALIGN (0x2)
 *(.fini9)
 .fini9         0x00003844        0x0 /usr/local/CrossPack-AVR-20131216/lib/gcc/avr/4.8.1/avr6/libgcc.a(_exit.o)
                0x00003844                exit
                0x00003844                _exit
 *(.fini9)
 *(.fini8)
 *(.fini8)
 *(.fini7)
 *(.fini7)
 *(.fini6)
 *(.fini6)
 *(.fini5)
 *(.fini5)
 *(.fini4)
 *(.fini4)
 *(.fini3)
 *(.fini3)
 *(.fini2)
 *(.fini2)
 *(.fini1)
 *(.fini1)
 *(.fini0)
 .fini0         0x00003844        0x4 /usr/local/CrossPack-AVR-20131216/lib/gcc/avr/4.8.1/avr6/libgcc.a(_exit.o)
 *(.fini0)
                0x00003848                _etext = .

.data           0x00800200        0xe load address 0x00003848
                0x00800200                PROVIDE (__data_start, .)
 *(.data)
 .data          0x00800200        0x0 /usr/local/CrossPack-AVR-20131216/lib/gcc/avr/4.8.1/../../../../avr/lib/avr6/crtm256rfr2.o
 .data          0x00800200        0x0 ./sys/src/sys.o
 .data          0x00800200        0x0 ./sys/src/sysEncrypt.o
 .data          0x00800200        0x0 ./sys/src/sysTimer.o
 .data          0x00800200        0x0 ./phy/atmegarfr2/src/phy.o
 .data          0x00800200        0x0 ./nwk/src/nwk.o
 .data          0x00800200        0x0 ./nwk/src/nwkDataReq.o
 .data          0x00800200        0x0 ./nwk/src/nwkFrame.o
 .data          0x00800200        0x0 ./nwk/src/nwkGroup.o
 .data          0x00800200        0x0 ./nwk/src/nwkRoute.o
 .data          0x00800200        0x0 ./nwk/src/nwkRouteDiscovery.o
 .data          0x00800200        0x0 ./nwk/src/nwkRx.o
 .data          0x00800200        0x0 ./nwk/src/nwkSecurity.o
 .data          0x00800200        0x0 ./nwk/src/nwkTx.o
 .data          0x00800200        0x0 ./hal/drivers/atmega256rfr2/halSleep.o
 .data          0x00800200        0x0 ./hal/drivers/atmega256rfr2/halUart.o
 .data          0x00800200        0x0 ./hal/atmega256rfr2/src/hal.o
 .data          0x00800200        0x0 ./hal/atmega256rfr2/src/halTimer.o
 .data          0x00800200        0x0 ./main.o
 .data          0x00800200        0x0 /usr/local/CrossPack-AVR-20131216/lib/gcc/avr/4.8.1/avr6/libgcc.a(_udivmodsi4.o)
 .data          0x00800200        0x0 /usr/local/CrossPack-AVR-20131216/lib/gcc/avr/4.8.1/avr6/libgcc.a(_exit.o)
 .data          0x00800200        0x0 /usr/local/CrossPack-AVR-20131216/lib/gcc/avr/4.8.1/avr6/libgcc.a(_copy_data.o)
 .data          0x00800200        0x0 /usr/local/CrossPack-AVR-20131216/lib/gcc/avr/4.8.1/avr6/libgcc.a(_clear_bss.o)
 .data          0x00800200        0x4 /usr/local/CrossPack-AVR-20131216/lib/gcc/avr/4.8.1/../../../../avr/lib/avr6/libc.a(rand.o)
 .data          0x00800204        0x0 /usr/local/CrossPack-AVR-20131216/lib/gcc/avr/4.8.1/../../../../avr/lib/avr6/libc.a(memcpy.o)
 .data          0x00800204        0x0 /usr/local/CrossPack-AVR-20131216/lib/gcc/avr/4.8.1/../../../../avr/lib/avr6/libc.a(memset.o)
 .data          0x00800204        0x0 /usr/local/CrossPack-AVR-20131216/lib/gcc/avr/4.8.1/avr6/libgcc.a(_divmodsi4.o)
 .data          0x00800204        0x0 /usr/local/CrossPack-AVR-20131216/lib/gcc/avr/4.8.1/avr6/libgcc.a(_negsi2.o)
 .data          0x00800204        0x0 /usr/local/CrossPack-AVR-20131216/lib/gcc/avr/4.8.1/avr6/libgcc.a(_muluhisi3.o)
 .data          0x00800204        0x0 /usr/local/CrossPack-AVR-20131216/lib/gcc/avr/4.8.1/avr6/libgcc.a(_mulshisi3.o)
 .data          0x00800204        0x0 /usr/local/CrossPack-AVR-20131216/lib/gcc/avr/4.8.1/avr6/libgcc.a(_umulhisi3.o)
 *(.data*)
 *(.rodata)
 .rodata        0x00800204        0x9 ./nwk/src/nwk.o
 *(.rodata*)
 *(.gnu.linkonce.d*)
                0x0080020e                . = ALIGN (0x2)
 *fill*         0x0080020d        0x1 
                0x0080020e                _edata = .
                0x0080020e                PROVIDE (__data_end, .)

.bss            0x0080020e      0xaa4
                0x0080020e                PROVIDE (__bss_start, .)
 *(.bss)
 .bss           0x0080020e        0x0 /usr/local/CrossPack-AVR-20131216/lib/gcc/avr/4.8.1/../../../../avr/lib/avr6/crtm256rfr2.o
 .bss           0x0080020e        0x0 ./sys/src/sys.o
 .bss           0x0080020e        0x0 ./sys/src/sysEncrypt.o
 .bss           0x0080020e        0x0 ./sys/src/sysTimer.o
 .bss           0x0080020e        0x0 ./phy/atmegarfr2/src/phy.o
 .bss           0x0080020e        0x0 ./nwk/src/nwk.o
 .bss           0x0080020e        0x0 ./nwk/src/nwkDataReq.o
 .bss           0x0080020e        0x0 ./nwk/src/nwkFrame.o
 .bss           0x0080020e        0x0 ./nwk/src/nwkGroup.o
 .bss           0x0080020e        0x0 ./nwk/src/nwkRoute.o
 .bss           0x0080020e        0x0 ./nwk/src/nwkRouteDiscovery.o
 .bss           0x0080020e        0x0 ./nwk/src/nwkRx.o
 .bss           0x0080020e        0x0 ./nwk/src/nwkSecurity.o
 .bss           0x0080020e        0x0 ./nwk/src/nwkTx.o
 .bss           0x0080020e        0x0 ./hal/drivers/atmega256rfr2/halSleep.o
 .bss           0x0080020e        0x0 ./hal/drivers/atmega256rfr2/halUart.o
 .bss           0x0080020e        0x0 ./hal/atmega256rfr2/src/hal.o
 .bss           0x0080020e        0x0 ./hal/atmega256rfr2/src/halTimer.o
 .bss           0x0080020e        0x0 ./main.o
 .bss           0x0080020e        0x0 /usr/local/CrossPack-AVR-20131216/lib/gcc/avr/4.8.1/avr6/libgcc.a(_udivmodsi4.o)
 .bss           0x0080020e        0x0 /usr/local/CrossPack-AVR-20131216/lib/gcc/avr/4.8.1/avr6/libgcc.a(_exit.o)
 .bss           0x0080020e        0x0 /usr/local/CrossPack-AVR-20131216/lib/gcc/avr/4.8.1/avr6/libgcc.a(_copy_data.o)
 .bss           0x0080020e        0x0 /usr/local/CrossPack-AVR-20131216/lib/gcc/avr/4.8.1/avr6/libgcc.a(_clear_bss.o)
 .bss           0x0080020e        0x0 /usr/local/CrossPack-AVR-20131216/lib/gcc/avr/4.8.1/../../../../avr/lib/avr6/libc.a(rand.o)
 .bss           0x0080020e        0x0 /usr/local/CrossPack-AVR-20131216/lib/gcc/avr/4.8.1/../../../../avr/lib/avr6/libc.a(memcpy.o)
 .bss           0x0080020e        0x0 /usr/local/CrossPack-AVR-20131216/lib/gcc/avr/4.8.1/../../../../avr/lib/avr6/libc.a(memset.o)
 .bss           0x0080020e        0x0 /usr/local/CrossPack-AVR-20131216/lib/gcc/avr/4.8.1/avr6/libgcc.a(_divmodsi4.o)
 .bss           0x0080020e        0x0 /usr/local/CrossPack-AVR-20131216/lib/gcc/avr/4.8.1/avr6/libgcc.a(_negsi2.o)
 .bss           0x0080020e        0x0 /usr/local/CrossPack-AVR-20131216/lib/gcc/avr/4.8.1/avr6/libgcc.a(_muluhisi3.o)
 .bss           0x0080020e        0x0 /usr/local/CrossPack-AVR-20131216/lib/gcc/avr/4.8.1/avr6/libgcc.a(_mulshisi3.o)
 .bss           0x0080020e        0x0 /usr/local/CrossPack-AVR-20131216/lib/gcc/avr/4.8.1/avr6/libgcc.a(_umulhisi3.o)
 *(.bss*)
 .bss.timers    0x0080020e        0x2 ./sys/src/sysTimer.o
 .bss.phyState  0x00800210        0x1 ./phy/atmegarfr2/src/phy.o
 .bss.phyRxBuffer
                0x00800211       0x80 ./phy/atmegarfr2/src/phy.o
 .bss.phyRxState
                0x00800291        0x1 ./phy/atmegarfr2/src/phy.o
 .bss.phyChannel
                0x00800292        0x1 ./phy/atmegarfr2/src/phy.o
 .bss.phyBand   0x00800293        0x1 ./phy/atmegarfr2/src/phy.o
 .bss.nwkDataReqQueue
                0x00800294        0x2 ./nwk/src/nwkDataReq.o
 .bss.nwkFrameFrames
                0x00800296      0x55a ./nwk/src/nwkFrame.o
 .bss.nwkRouteTable
                0x008007f0      0x2bc ./nwk/src/nwkRoute.o
 .bss.nwkRxDuplicateRejectionTable
                0x00800aac       0xfa ./nwk/src/nwkRx.o
 .bss.nwkRxAckControl
                0x00800ba6        0x1 ./nwk/src/nwkRx.o
 .bss.nwkRxDuplicateRejectionTimer
                0x00800ba7        0xd ./nwk/src/nwkRx.o
 .bss.nwkTxPhyActiveFrame
                0x00800bb4        0x2 ./nwk/src/nwkTx.o
 .bss.nwkTxAckWaitTimer
                0x00800bb6        0xd ./nwk/src/nwkTx.o
 .bss.nwkTxDelayTimer
                0x00800bc3        0xd ./nwk/src/nwkTx.o
 .bss.halSleepTimerEvent
                0x00800bd0        0x1 ./hal/drivers/atmega256rfr2/halSleep.o
 .bss.txFifo    0x00800bd1        0xa ./hal/drivers/atmega256rfr2/halUart.o
 .bss.txData    0x00800bdb       0x51 ./hal/drivers/atmega256rfr2/halUart.o
 .bss.rxFifo    0x00800c2c        0xa ./hal/drivers/atmega256rfr2/halUart.o
 .bss.rxData    0x00800c36       0x51 ./hal/drivers/atmega256rfr2/halUart.o
 .bss.udrEmpty  0x00800c87        0x1 ./hal/drivers/atmega256rfr2/halUart.o
 .bss.newData   0x00800c88        0x1 ./hal/drivers/atmega256rfr2/halUart.o
 *(COMMON)
 COMMON         0x00800c89       0x28 ./nwk/src/nwk.o
                0x00800c89                nwkIb
 COMMON         0x00800cb1        0x1 ./hal/atmega256rfr2/src/halTimer.o
                0x00800cb1                halTimerIrqCount
                0x00800cb2                PROVIDE (__bss_end, .)
                0x00003848                __data_load_start = LOADADDR (.data)
                0x00003856                __data_load_end = (__data_load_start + SIZEOF (.data))

.noinit         0x00800cb2        0x0
                0x00800cb2                PROVIDE (__noinit_start, .)
 *(.noinit*)
                0x00800cb2                PROVIDE (__noinit_end, .)
                0x00800cb2                _end = .
                0x00800cb2                PROVIDE (__heap_start, .)

.eeprom         0x00810000        0x0
 *(.eeprom*)
                0x00810000                __eeprom_end = .

.fuse
 *(.fuse)
 *(.lfuse)
 *(.hfuse)
 *(.efuse)

.lock
 *(.lock*)

.signature
 *(.signature*)

.user_signatures
 *(.user_signatures*)

.stab           0x00000000     0x8178
 *(.stab)
 .stab          0x00000000      0x72c ./sys/src/sys.o
 .stab          0x0000072c      0x2a0 ./sys/src/sysEncrypt.o
                                0x45c (size before relaxing)
 .stab          0x000009cc      0x84c ./sys/src/sysTimer.o
                                0xa5c (size before relaxing)
 .stab          0x00001218      0xc00 ./phy/atmegarfr2/src/phy.o
                                0xe28 (size before relaxing)
 .stab          0x00001e18      0x744 ./nwk/src/nwk.o
                                0xab0 (size before relaxing)
 .stab          0x0000255c      0x810 ./nwk/src/nwkDataReq.o
                                0xab0 (size before relaxing)
 .stab          0x00002d6c      0x594 ./nwk/src/nwkFrame.o
                                0x8d0 (size before relaxing)
 .stab          0x00003300      0x288 ./nwk/src/nwkGroup.o
                                0x450 (size before relaxing)
 .stab          0x00003588      0xe94 ./nwk/src/nwkRoute.o
                               0x11e8 (size before relaxing)
 .stab          0x0000441c      0x324 ./nwk/src/nwkRouteDiscovery.o
                                0x72c (size before relaxing)
 .stab          0x00004740      0xfb4 ./nwk/src/nwkRx.o
                               0x13ec (size before relaxing)
 .stab          0x000056f4      0x30c ./nwk/src/nwkSecurity.o
                                0x660 (size before relaxing)
 .stab          0x00005a00      0xbc4 ./nwk/src/nwkTx.o
                                0xffc (size before relaxing)
 .stab          0x000065c4      0x5c4 ./hal/drivers/atmega256rfr2/halSleep.o
                                0x7c8 (size before relaxing)
 .stab          0x00006b88      0x888 ./hal/drivers/atmega256rfr2/halUart.o
                                0xa8c (size before relaxing)
 .stab          0x00007410      0x36c ./hal/atmega256rfr2/src/hal.o
                                0x564 (size before relaxing)
 .stab          0x0000777c      0x3e4 ./hal/atmega256rfr2/src/halTimer.o
                                0x5e8 (size before relaxing)
 .stab          0x00007b60      0x618 ./main.o
                                0x924 (size before relaxing)

.stabstr        0x00000000     0x508e
 *(.stabstr)
 .stabstr       0x00000000     0x508e ./sys/src/sys.o

.stab.excl
 *(.stab.excl)

.stab.exclstr
 *(.stab.exclstr)

.stab.index
 *(.stab.index)

.stab.indexstr
 *(.stab.indexstr)

.comment        0x00000000       0x11
 *(.comment)
 .comment       0x00000000       0x11 ./sys/src/sys.o
                                 0x12 (size before relaxing)
 .comment       0x00000000       0x12 ./sys/src/sysEncrypt.o
 .comment       0x00000000       0x12 ./sys/src/sysTimer.o
 .comment       0x00000000       0x12 ./phy/atmegarfr2/src/phy.o
 .comment       0x00000000       0x12 ./nwk/src/nwk.o
 .comment       0x00000000       0x12 ./nwk/src/nwkDataReq.o
 .comment       0x00000000       0x12 ./nwk/src/nwkFrame.o
 .comment       0x00000000       0x12 ./nwk/src/nwkGroup.o
 .comment       0x00000000       0x12 ./nwk/src/nwkRoute.o
 .comment       0x00000000       0x12 ./nwk/src/nwkRouteDiscovery.o
 .comment       0x00000000       0x12 ./nwk/src/nwkRx.o
 .comment       0x00000000       0x12 ./nwk/src/nwkSecurity.o
 .comment       0x00000000       0x12 ./nwk/src/nwkTx.o
 .comment       0x00000000       0x12 ./hal/drivers/atmega256rfr2/halSleep.o
 .comment       0x00000000       0x12 ./hal/drivers/atmega256rfr2/halUart.o
 .comment       0x00000000       0x12 ./hal/atmega256rfr2/src/hal.o
 .comment       0x00000000       0x12 ./hal/atmega256rfr2/src/halTimer.o
 .comment       0x00000000       0x12 ./main.o
 .comment       0x00000000       0x12 /usr/local/CrossPack-AVR-20131216/lib/gcc/avr/4.8.1/../../../../avr/lib/avr6/libc.a(rand.o)

.debug
 *(.debug)

.line
 *(.line)

.debug_srcinfo
 *(.debug_srcinfo)

.debug_sfnames
 *(.debug_sfnames)

.debug_aranges  0x00000000      0x120
 *(.debug_aranges)
 .debug_aranges
                0x00000000       0x20 /usr/local/CrossPack-AVR-20131216/lib/gcc/avr/4.8.1/avr6/libgcc.a(_udivmodsi4.o)
 .debug_aranges
                0x00000020       0x20 /usr/local/CrossPack-AVR-20131216/lib/gcc/avr/4.8.1/avr6/libgcc.a(_exit.o)
 .debug_aranges
                0x00000040       0x20 /usr/local/CrossPack-AVR-20131216/lib/gcc/avr/4.8.1/avr6/libgcc.a(_copy_data.o)
 .debug_aranges
                0x00000060       0x20 /usr/local/CrossPack-AVR-20131216/lib/gcc/avr/4.8.1/avr6/libgcc.a(_clear_bss.o)
 .debug_aranges
                0x00000080       0x20 /usr/local/CrossPack-AVR-20131216/lib/gcc/avr/4.8.1/avr6/libgcc.a(_divmodsi4.o)
 .debug_aranges
                0x000000a0       0x20 /usr/local/CrossPack-AVR-20131216/lib/gcc/avr/4.8.1/avr6/libgcc.a(_negsi2.o)
 .debug_aranges
                0x000000c0       0x20 /usr/local/CrossPack-AVR-20131216/lib/gcc/avr/4.8.1/avr6/libgcc.a(_muluhisi3.o)
 .debug_aranges
                0x000000e0       0x20 /usr/local/CrossPack-AVR-20131216/lib/gcc/avr/4.8.1/avr6/libgcc.a(_mulshisi3.o)
 .debug_aranges
                0x00000100       0x20 /usr/local/CrossPack-AVR-20131216/lib/gcc/avr/4.8.1/avr6/libgcc.a(_umulhisi3.o)

.debug_pubnames
 *(.debug_pubnames)

.debug_info     0x00000000      0x6ae
 *(.debug_info)
 .debug_info    0x00000000       0xbe /usr/local/CrossPack-AVR-20131216/lib/gcc/avr/4.8.1/avr6/libgcc.a(_udivmodsi4.o)
 .debug_info    0x000000be       0xbe /usr/local/CrossPack-AVR-20131216/lib/gcc/avr/4.8.1/avr6/libgcc.a(_exit.o)
 .debug_info    0x0000017c       0xbe /usr/local/CrossPack-AVR-20131216/lib/gcc/avr/4.8.1/avr6/libgcc.a(_copy_data.o)
 .debug_info    0x0000023a       0xbe /usr/local/CrossPack-AVR-20131216/lib/gcc/avr/4.8.1/avr6/libgcc.a(_clear_bss.o)
 .debug_info    0x000002f8       0xbe /usr/local/CrossPack-AVR-20131216/lib/gcc/avr/4.8.1/avr6/libgcc.a(_divmodsi4.o)
 .debug_info    0x000003b6       0xbe /usr/local/CrossPack-AVR-20131216/lib/gcc/avr/4.8.1/avr6/libgcc.a(_negsi2.o)
 .debug_info    0x00000474       0xbe /usr/local/CrossPack-AVR-20131216/lib/gcc/avr/4.8.1/avr6/libgcc.a(_muluhisi3.o)
 .debug_info    0x00000532       0xbe /usr/local/CrossPack-AVR-20131216/lib/gcc/avr/4.8.1/avr6/libgcc.a(_mulshisi3.o)
 .debug_info    0x000005f0       0xbe /usr/local/CrossPack-AVR-20131216/lib/gcc/avr/4.8.1/avr6/libgcc.a(_umulhisi3.o)
 *(.gnu.linkonce.wi.*)

.debug_abbrev   0x00000000       0xb4
 *(.debug_abbrev)
 .debug_abbrev  0x00000000       0x14 /usr/local/CrossPack-AVR-20131216/lib/gcc/avr/4.8.1/avr6/libgcc.a(_udivmodsi4.o)
 .debug_abbrev  0x00000014       0x14 /usr/local/CrossPack-AVR-20131216/lib/gcc/avr/4.8.1/avr6/libgcc.a(_exit.o)
 .debug_abbrev  0x00000028       0x14 /usr/local/CrossPack-AVR-20131216/lib/gcc/avr/4.8.1/avr6/libgcc.a(_copy_data.o)
 .debug_abbrev  0x0000003c       0x14 /usr/local/CrossPack-AVR-20131216/lib/gcc/avr/4.8.1/avr6/libgcc.a(_clear_bss.o)
 .debug_abbrev  0x00000050       0x14 /usr/local/CrossPack-AVR-20131216/lib/gcc/avr/4.8.1/avr6/libgcc.a(_divmodsi4.o)
 .debug_abbrev  0x00000064       0x14 /usr/local/CrossPack-AVR-20131216/lib/gcc/avr/4.8.1/avr6/libgcc.a(_negsi2.o)
 .debug_abbrev  0x00000078       0x14 /usr/local/CrossPack-AVR-20131216/lib/gcc/avr/4.8.1/avr6/libgcc.a(_muluhisi3.o)
 .debug_abbrev  0x0000008c       0x14 /usr/local/CrossPack-AVR-20131216/lib/gcc/avr/4.8.1/avr6/libgcc.a(_mulshisi3.o)
 .debug_abbrev  0x000000a0       0x14 /usr/local/CrossPack-AVR-20131216/lib/gcc/avr/4.8.1/avr6/libgcc.a(_umulhisi3.o)

.debug_line     0x00000000      0x374
 *(.debug_line)
 .debug_line    0x00000000       0x78 /usr/local/CrossPack-AVR-20131216/lib/gcc/avr/4.8.1/avr6/libgcc.a(_udivmodsi4.o)
 .debug_line    0x00000078       0x58 /usr/local/CrossPack-AVR-20131216/lib/gcc/avr/4.8.1/avr6/libgcc.a(_exit.o)
 .debug_line    0x000000d0       0x63 /usr/local/CrossPack-AVR-20131216/lib/gcc/avr/4.8.1/avr6/libgcc.a(_copy_data.o)
 .debug_line    0x00000133       0x5e /usr/local/CrossPack-AVR-20131216/lib/gcc/avr/4.8.1/avr6/libgcc.a(_clear_bss.o)
 .debug_line    0x00000191       0x6a /usr/local/CrossPack-AVR-20131216/lib/gcc/avr/4.8.1/avr6/libgcc.a(_divmodsi4.o)
 .debug_line    0x000001fb       0x58 /usr/local/CrossPack-AVR-20131216/lib/gcc/avr/4.8.1/avr6/libgcc.a(_negsi2.o)
 .debug_line    0x00000253       0x60 /usr/local/CrossPack-AVR-20131216/lib/gcc/avr/4.8.1/avr6/libgcc.a(_muluhisi3.o)
 .debug_line    0x000002b3       0x5c /usr/local/CrossPack-AVR-20131216/lib/gcc/avr/4.8.1/avr6/libgcc.a(_mulshisi3.o)
 .debug_line    0x0000030f       0x65 /usr/local/CrossPack-AVR-20131216/lib/gcc/avr/4.8.1/avr6/libgcc.a(_umulhisi3.o)

.debug_frame
 *(.debug_frame)

.debug_str
 *(.debug_str)

.debug_loc
 *(.debug_loc)

.debug_macinfo
 *(.debug_macinfo)

.debug_pubtypes
 *(.debug_pubtypes)

.debug_ranges
 *(.debug_ranges)

.debug_macro
 *(.debug_macro)
OUTPUT(spike_zb_router.elf elf32-avr)
LOAD linker stubs
